Microchip MPLAB XC8 Compiler V2.05 ()

Linker command line:

-W-3 --edf=/opt/microchip/xc8/v2.05/pic/dat/en_msgs.txt -pivt0x8=08h -cs \
  -h+dist/default/debug/Neo_Display.X.debug.sym \
  --cmf=dist/default/debug/Neo_Display.X.debug.cmf -z -Q18F45K42 \
  -o/tmp/xcXbemlzb --defsym=__MPLAB_BUILD=1 \
  -Mdist/default/debug/Neo_Display.X.debug.map -E1 -ver=XC8 --acfsm=1493 \
  -ASTACK=060h-07FFh -pstack=STACK -ACODE=00h-07FFFh -ACONST=00h-07FFFh \
  -ASMALLCONST=0800h-08FFhx120 -AMEDIUMCONST=0800h-07FFFh -ACOMRAM=01h-05Fh \
  -AABS1=00h-07FFh -ABIGRAM=01h-07FFh -ARAM=060h-0FFh,0100h-01FFhx7 \
  -ABANK0=060h-0FFh -ABANK1=0100h-01FFh -ABANK2=0200h-02FFh \
  -ABANK3=0300h-03FFh -ABANK4=0400h-04FFh -ABANK5=0500h-05FFh \
  -ABANK6=0600h-06FFh -ABANK7=0700h-07FFh \
  -ASFR=03800h-038FFhx7,03F00h-03F5Fh,03F60h-03FFFh -preset_vec=00h \
  -ppowerup=CODE,init -pramtop=0800h -psmallconst=SMALLCONST \
  -pmediumconst=MEDIUMCONST -pconst=CONST -AFARRAM=00h-00h \
  -ACONFIG=0300000h-0300009h -pconfig=CONFIG -AIDLOC=0200000h-020000Fh \
  -pidloc=IDLOC -AEEDATA=0310000h-03100FFh -peeprom_data=EEDATA \
  -prdata=COMRAM,nvrram=COMRAM,nvbit=COMRAM,rbss=COMRAM,rbit=COMRAM \
  -pfarbss=FARRAM,fardata=FARRAM,nvFARRAM=FARRAM \
  -pintsave_regs=BIGRAM,bigbss=BIGRAM,bigdata=BIGRAM -pbss=RAM \
  -pidata=CODE,irdata=CODE,ibigdata=CODE,ifardata=CODE -prparam=COMRAM \
  /tmp/xcXBgrNX5.o dist/default/debug/Neo_Display.X.debug.o 

Object code version is 3.11

Machine type is 18F45K42

Call graph: (short form)




                Name                               Link     Load   Length Selector   Space Scale
/tmp/xcXBgrNX5.o
                init                                 AE       AE        4        4       0
                reset_vec                             0        0        4        0       0
                idloc                            200000   200000       10   200000       0
                config                           300000   300000        A   300000       0
dist/default/debug/Neo_Display.X.debug.o
                mediumconst                        7E96     7E96      16A     3F4B       0
                ivt0x8                                8        8       A6        4       0
                text5                               7EC      7EC        2        4       0
                text4                               74C      74C       4A        4       0
                text3                               6D8      6D8       74        4       0
                text2                               796      796       26        4       0
                text1                               7D8      7D8       14        4       0
                text0                                B2       B2      626        4       0
                cstackCOMRAM                          1        1       32        1       1
                bssCOMRAM                            37       37        3        1       1
                cinit                               7BC      7BC       1C        4       0
                nvCOMRAM                             33       33        4        1       1

TOTAL           Name                               Link     Load   Length     Space
        CLASS   STACK          

        CLASS   CODE           
                init                                 AE       AE        4         0
                reset_vec                             0        0        4         0
                ivt0x8                                8        8       A6         0
                text5                               7EC      7EC        2         0
                text4                               74C      74C       4A         0
                text3                               6D8      6D8       74         0
                text2                               796      796       26         0
                text1                               7D8      7D8       14         0
                text0                                B2       B2      626         0
                cinit                               7BC      7BC       1C         0

        CLASS   CONST          

        CLASS   SMALLCONST     

        CLASS   MEDIUMCONST    
                mediumconst                        7E96     7E96      16A         0

        CLASS   COMRAM         
                cstackCOMRAM                          1        1       32         1
                bssCOMRAM                            37       37        3         1
                nvCOMRAM                             33       33        4         1

        CLASS   ABS1           

        CLASS   BIGRAM         

        CLASS   RAM            

        CLASS   BANK0          

        CLASS   BANK1          

        CLASS   BANK2          

        CLASS   BANK3          

        CLASS   BANK4          

        CLASS   BANK5          

        CLASS   BANK6          

        CLASS   BANK7          

        CLASS   SFR            

        CLASS   FARRAM         

        CLASS   CONFIG         
                config                           300000   300000        A         0

        CLASS   IDLOC          
                idloc                            200000   200000       10         0

        CLASS   EEDATA         



SEGMENTS        Name                           Load    Length   Top    Selector   Space  Class

                reset_vec                      000000  000004  000004         0       0  CODE    
                cstackCOMRAM                   000001  000039  00003A         1       1  COMRAM  
                ivt0x8                         000008  0007E6  0007EE         4       0  CODE    
                mediumconst                    007E96  00016A  008000      3F4B       0  MEDIUMCO
                idloc                          200000  000010  200010    200000       0  IDLOC   
                config                         300000  00000A  30000A    300000       0  CONFIG  


UNUSED ADDRESS RANGES

        Name                Unused          Largest block    Delta
        BANK0            000060-0000FF               A0
        BANK1            000100-0001FF              100
        BANK2            000200-0002FF              100
        BANK3            000300-0003FF              100
        BANK4            000400-0004FF              100
        BANK5            000500-0005FF              100
        BANK6            000600-0006FF              100
        BANK7            000700-0007FF              100
        BIGRAM           00003A-0007FF              7C6
        CODE             000004-000007                4
                         0007EE-007E95             76A8
        COMRAM           00003A-00005F               26
        CONST            000004-000007                4
                         0007EE-007E95             76A8
        EEDATA           310000-3100FF              100
        MEDIUMCONST      000800-007E95             7696
        RAM              000060-0007FF              100
        SFR              003800-003FFF              100
        SMALLCONST       000800-007E95              100
        STACK            000060-0007FF              7A0

                                  Symbol Table

?___awmod                   cstackCOMRAM 000001
?_color_Hex_rgb             cstackCOMRAM 000001
IVTBASEH                    (abs)        003FD6
IVTBASEL                    (abs)        003FD5
IVTBASEU                    (abs)        003FD7
_ANSELA                     (abs)        003A40
_ANSELB                     (abs)        003A50
_ANSELC                     (abs)        003A60
_ANSELD                     (abs)        003A70
_ANSELE                     (abs)        003A80
_DEFAULT_ISR                text5        0007EC
_INTCON0bits                (abs)        003FD2
_IPR3bits                   (abs)        003983
_LATA                       (abs)        003FBA
_LATB                       (abs)        003FBB
_LATC                       (abs)        003FBC
_LATD                       (abs)        003FBD
_LATE                       (abs)        003FBE
_PIE3bits                   (abs)        003993
_PIR3bits                   (abs)        0039A3
_PPSLOCKbits                (abs)        003ABF
_RB5PPS                     (abs)        003A0D
_SPI1BAUD                   (abs)        003D19
_SPI1CLKbits                (abs)        003D1C
_SPI1CON0bits               (abs)        003D14
_SPI1CON1bits               (abs)        003D15
_SPI1CON2bits               (abs)        003D16
_SPI1SCKPPS                 (abs)        003ADE
_SPI1SDIPPS                 (abs)        003ADF
_SPI1SSPPS                  (abs)        003AE0
_T0CON0bits                 (abs)        003FB8
_T0CON1bits                 (abs)        003FB9
_TMR0H                      (abs)        003FB7
_TMR0L                      (abs)        003FB6
_TRISA                      (abs)        003FC2
_TRISB                      (abs)        003FC3
_TRISC                      (abs)        003FC4
_TRISD                      (abs)        003FC5
_TRISE                      (abs)        003FC6
__CFG_BBEN$OFF              (abs)        000000
__CFG_BBSIZE$BBSIZE_512     (abs)        000000
__CFG_BOREN$SBORDIS         (abs)        000000
__CFG_BORV$VBOR_2P45        (abs)        000000
__CFG_CLKOUTEN$OFF          (abs)        000000
__CFG_CP$OFF                (abs)        000000
__CFG_CSWEN$OFF             (abs)        000000
__CFG_DEBUG$OFF             (abs)        000000
__CFG_FCMEN$ON              (abs)        000000
__CFG_FEXTOSC$OFF           (abs)        000000
__CFG_IVT1WAY$ON            (abs)        000000
__CFG_LPBOREN$OFF           (abs)        000000
__CFG_LVP$ON                (abs)        000000
__CFG_MCLRE$EXTMCLR         (abs)        000000
__CFG_MVECEN$ON             (abs)        000000
__CFG_PPS1WAY$OFF           (abs)        000000
__CFG_PR1WAY$ON             (abs)        000000
__CFG_PWRTS$PWRT_OFF        (abs)        000000
__CFG_RSTOSC$HFINTOSC_64MHZ (abs)        000000
__CFG_SAFEN$OFF             (abs)        000000
__CFG_STVREN$ON             (abs)        000000
__CFG_WDTCCS$SC             (abs)        000000
__CFG_WDTCPS$WDTCPS_31      (abs)        000000
__CFG_WDTCWS$WDTCWS_7       (abs)        000000
__CFG_WDTE$OFF              (abs)        000000
__CFG_WRTAPP$OFF            (abs)        000000
__CFG_WRTB$OFF              (abs)        000000
__CFG_WRTC$OFF              (abs)        000000
__CFG_WRTD$OFF              (abs)        000000
__CFG_WRTSAF$OFF            (abs)        000000
__CFG_XINST$OFF             (abs)        000000
__CFG_ZCD$OFF               (abs)        000000
__HRAM                      (abs)        000000
__Habs1                     abs1         000000
__Hbank0                    bank0        000000
__Hbank1                    bank1        000000
__Hbank2                    bank2        000000
__Hbank3                    bank3        000000
__Hbank4                    bank4        000000
__Hbank5                    bank5        000000
__Hbank6                    bank6        000000
__Hbank7                    bank7        000000
__Hbigbss                   bigbss       000000
__Hbigdata                  bigdata      000000
__Hbigram                   bigram       000000
__Hbss                      bss          000000
__HbssCOMRAM                bssCOMRAM    000000
__Hcinit                    cinit        000000
__Hclrtext                  clrtext      000000
__Hcomram                   comram       000000
__Hconfig                   config       30000A
__Hconst                    const        000000
__HcstackCOMRAM             cstackCOMRAM 000000
__Hdata                     data         000000
__Heeprom_data              eeprom_data  000000
__Hfarbss                   farbss       000000
__Hfardata                  fardata      000000
__Hibigdata                 ibigdata     000000
__Hidata                    idata        000000
__Hidloc                    idloc        200010
__Hifardata                 ifardata     000000
__Hinit                     init         0000B2
__Hintsave_regs             intsave_regs 000000
__Hirdata                   irdata       000000
__Hivt0x8                   ivt0x8       0000AE
__Hmediumconst              mediumconst  008000
__HnvCOMRAM                 nvCOMRAM     000000
__HnvFARRAM                 nvFARRAM     000000
__Hnvbit                    nvbit        000000
__Hnvrram                   nvrram       000000
__Hparam                    rparam       000000
__Hpowerup                  powerup      000000
__Hram                      ram          000000
__Hramtop                   ramtop       000800
__Hrbit                     rbit         000000
__Hrbss                     rbss         000000
__Hrdata                    rdata        000000
__Hreset_vec                reset_vec    000004
__Hrparam                   rparam       000000
__Hsfr                      sfr          000000
__Hsmallconst               smallconst   000000
__Hspace_0                  (abs)        30000A
__Hspace_1                  (abs)        00003A
__Hspace_2                  (abs)        000000
__Hstack                    stack        000000
__Hstruct                   struct       000000
__Htemp                     temp         000000
__Htext                     text         000000
__Htext0                    text0        000000
__Htext1                    text1        000000
__Htext2                    text2        000000
__Htext3                    text3        000000
__Htext4                    text4        000000
__Htext5                    text5        000000
__LRAM                      (abs)        000001
__Labs1                     abs1         000000
__Lbank0                    bank0        000000
__Lbank1                    bank1        000000
__Lbank2                    bank2        000000
__Lbank3                    bank3        000000
__Lbank4                    bank4        000000
__Lbank5                    bank5        000000
__Lbank6                    bank6        000000
__Lbank7                    bank7        000000
__Lbigbss                   bigbss       000000
__Lbigdata                  bigdata      000000
__Lbigram                   bigram       000000
__Lbss                      bss          000000
__LbssCOMRAM                bssCOMRAM    000000
__Lcinit                    cinit        000000
__Lclrtext                  clrtext      000000
__Lcomram                   comram       000000
__Lconfig                   config       300000
__Lconst                    const        000000
__LcstackCOMRAM             cstackCOMRAM 000000
__Ldata                     data         000000
__Leeprom_data              eeprom_data  000000
__Lfarbss                   farbss       000000
__Lfardata                  fardata      000000
__Libigdata                 ibigdata     000000
__Lidata                    idata        000000
__Lidloc                    idloc        200000
__Lifardata                 ifardata     000000
__Linit                     init         0000AE
__Lintsave_regs             intsave_regs 000000
__Lirdata                   irdata       000000
__Livt0x8                   ivt0x8       000008
__Lmediumconst              mediumconst  007E96
__LnvCOMRAM                 nvCOMRAM     000000
__LnvFARRAM                 nvFARRAM     000000
__Lnvbit                    nvbit        000000
__Lnvrram                   nvrram       000000
__Lparam                    rparam       000000
__Lpowerup                  powerup      000000
__Lram                      ram          000000
__Lramtop                   ramtop       000800
__Lrbit                     rbit         000000
__Lrbss                     rbss         000000
__Lrdata                    rdata        000000
__Lreset_vec                reset_vec    000000
__Lrparam                   rparam       000000
__Lsfr                      sfr          000000
__Lsmallconst               smallconst   000000
__Lspace_0                  (abs)        000000
__Lspace_1                  (abs)        000000
__Lspace_2                  (abs)        000000
__Lstack                    stack        000000
__Lstruct                   struct       000000
__Ltemp                     temp         000000
__Ltext                     text         000000
__Ltext0                    text0        000000
__Ltext1                    text1        000000
__Ltext2                    text2        000000
__Ltext3                    text3        000000
__Ltext4                    text4        000000
__Ltext5                    text5        000000
__S0                        (abs)        30000A
__S1                        (abs)        00003A
__S2                        (abs)        000000
___awmod                    text3        0006D8
___awmod@counter            cstackCOMRAM 000005
___awmod@dividend           cstackCOMRAM 000001
___awmod@divisor            cstackCOMRAM 000003
___awmod@sign               cstackCOMRAM 000006
___inthi_sp                 stack        000000
___intlo_sp                 stack        000000
___param_bank               (abs)        000000
___rparam_used              (abs)        000001
___sp                       stack        000000
__accesstop                 (abs)        000060
__activetblptr              (abs)        000002
__end_of_DEFAULT_ISR        text5        0007EE
__end_of___awmod            text3        00074C
__end_of__initialization    cinit        0007CE
__end_of_color_Hex_rgb      text2        0007BC
__end_of_lights             mediumconst  007FFF
__end_of_main               text0        0006D8
__end_of_set_color          text1        0007EC
__end_of_timer_tick         text4        000796
__initialization            cinit        0007BC
__mediumconst               mediumconst  007E96
__pbssCOMRAM                bssCOMRAM    000037
__pcinit                    cinit        0007BC
__pcstackCOMRAM             cstackCOMRAM 000001
__pivt0x8                   ivt0x8       000008
__pmediumconst              mediumconst  007E96
__pnvCOMRAM                 nvCOMRAM     000033
__ptext0                    text0        0000B2
__ptext1                    text1        0007D8
__ptext2                    text2        000796
__ptext3                    text3        0006D8
__ptext4                    text4        00074C
__ptext5                    text5        0007EC
__ramtop                    ramtop       000800
__size_of_DEFAULT_ISR       (abs)        000000
__size_of___awmod           (abs)        000000
__size_of_color_Hex_rgb     (abs)        000000
__size_of_main              (abs)        000000
__size_of_set_color         (abs)        000000
__size_of_timer_tick        (abs)        000000
__smallconst                smallconst   000000
_blue_reg                   nvCOMRAM     000034
_color_Hex_rgb              text2        000796
_control_reg                bssCOMRAM    000039
_counter                    bssCOMRAM    000037
_enable                     nvCOMRAM     000033
_green_reg                  nvCOMRAM     000035
_lights                     mediumconst  007E97
_main                       text0        0000B2
_red_reg                    nvCOMRAM     000036
_set_color                  text1        0007D8
_status_reg                 bssCOMRAM    000038
_timer_tick                 text4        00074C
color_Hex_rgb@hex           cstackCOMRAM 000001
color_Hex_rgb@new_color     cstackCOMRAM 000005
end_of_initialization       cinit        0007CE
intlevel0                   text         000000
intlevel1                   text         000000
intlevel2                   text         000000
intlevel3                   text         000000
ivt0x8_base                 ivt0x8       000008
ivt0x8_undefint             ivt0x8       0000AC
main@aqua                   cstackCOMRAM 00000D
main@blue                   cstackCOMRAM 00000A
main@fushcia                cstackCOMRAM 000028
main@green                  cstackCOMRAM 000016
main@k                      cstackCOMRAM 000031
main@lime                   cstackCOMRAM 000019
main@marron                 cstackCOMRAM 000025
main@navy                   cstackCOMRAM 00002E
main@olive                  cstackCOMRAM 000013
main@orange                 cstackCOMRAM 00001F
main@purple                 cstackCOMRAM 00002B
main@red                    cstackCOMRAM 000022
main@teal                   cstackCOMRAM 000010
main@yellow                 cstackCOMRAM 00001C
set_color@color             cstackCOMRAM 000001
stackhi                     (abs)        0007FF
stacklo                     (abs)        000060
start                       init         0000AE
start_initialization        cinit        0007BC


FUNCTION INFORMATION:

 *************** function _main *****************
 Defined at:
		line 152 in file "main.c"
 Parameters:    Size  Location     Type
		None
 Auto vars:     Size  Location     Type
  k               2   48[COMRAM] int 
  navy            3   45[COMRAM] struct .
  purple          3   42[COMRAM] struct .
  fushcia         3   39[COMRAM] struct .
  marron          3   36[COMRAM] struct .
  red             3   33[COMRAM] struct .
  orange          3   30[COMRAM] struct .
  yellow          3   27[COMRAM] struct .
  lime            3   24[COMRAM] struct .
  green           3   21[COMRAM] struct .
  olive           3   18[COMRAM] struct .
  teal            3   15[COMRAM] struct .
  aqua            3   12[COMRAM] struct .
  blue            3    9[COMRAM] struct .
 Return value:  Size  Location     Type
                  1    wreg      void 
 Registers used:
		wreg, status,2, status,0, tblptrl, tblptrh, tblptru, cstack
 Tracked objects:
		On entry : 
		On exit  : 
		Unchanged: 
 Data sizes:     COMRAM   BANK0   BANK1   BANK2   BANK3   BANK4   BANK5   BANK6   BANK7
      Params:         0       0       0       0       0       0       0       0       0
      Locals:        41       0       0       0       0       0       0       0       0
      Temps:          2       0       0       0       0       0       0       0       0
      Totals:        43       0       0       0       0       0       0       0       0
Total ram usage:       43 bytes
 Hardware stack levels required when called:    2
 This function calls:
		___awmod
		_color_Hex_rgb
		_set_color
 This function is called by:
		Startup code after reset
 This function uses a non-reentrant model


 *************** function _set_color *****************
 Defined at:
		line 345 in file "main.c"
 Parameters:    Size  Location     Type
  color           3    0[COMRAM] struct .
 Auto vars:     Size  Location     Type
		None
 Return value:  Size  Location     Type
                  1    wreg      void 
 Registers used:
		None
 Tracked objects:
		On entry : 
		On exit  : 
		Unchanged: 
 Data sizes:     COMRAM   BANK0   BANK1   BANK2   BANK3   BANK4   BANK5   BANK6   BANK7
      Params:         3       0       0       0       0       0       0       0       0
      Locals:         0       0       0       0       0       0       0       0       0
      Temps:          0       0       0       0       0       0       0       0       0
      Totals:         3       0       0       0       0       0       0       0       0
Total ram usage:        3 bytes
 Hardware stack levels used:    1
 Hardware stack levels required when called:    1
 This function calls:
		Nothing
 This function is called by:
		_main
 This function uses a non-reentrant model


 *************** function _color_Hex_rgb *****************
 Defined at:
		line 362 in file "main.c"
 Parameters:    Size  Location     Type
  hex             4    0[COMRAM] unsigned long 
 Auto vars:     Size  Location     Type
  new_color       3    4[COMRAM] struct .
 Return value:  Size  Location     Type
                  3    0[COMRAM] struct .
 Registers used:
		None
 Tracked objects:
		On entry : 
		On exit  : 
		Unchanged: 
 Data sizes:     COMRAM   BANK0   BANK1   BANK2   BANK3   BANK4   BANK5   BANK6   BANK7
      Params:         4       0       0       0       0       0       0       0       0
      Locals:         3       0       0       0       0       0       0       0       0
      Temps:          0       0       0       0       0       0       0       0       0
      Totals:         7       0       0       0       0       0       0       0       0
Total ram usage:        7 bytes
 Hardware stack levels used:    1
 Hardware stack levels required when called:    1
 This function calls:
		Nothing
 This function is called by:
		_main
 This function uses a non-reentrant model


 *************** function ___awmod *****************
 Defined at:
		line 7 in file "/opt/microchip/xc8/v2.05/pic/sources/c99/common/awmod.c"
 Parameters:    Size  Location     Type
  dividend        2    0[COMRAM] int 
  divisor         2    2[COMRAM] int 
 Auto vars:     Size  Location     Type
  sign            1    5[COMRAM] unsigned char 
  counter         1    4[COMRAM] unsigned char 
 Return value:  Size  Location     Type
                  2    0[COMRAM] int 
 Registers used:
		wreg, status,2, status,0
 Tracked objects:
		On entry : 
		On exit  : 
		Unchanged: 
 Data sizes:     COMRAM   BANK0   BANK1   BANK2   BANK3   BANK4   BANK5   BANK6   BANK7
      Params:         4       0       0       0       0       0       0       0       0
      Locals:         2       0       0       0       0       0       0       0       0
      Temps:          0       0       0       0       0       0       0       0       0
      Totals:         6       0       0       0       0       0       0       0       0
Total ram usage:        6 bytes
 Hardware stack levels used:    1
 Hardware stack levels required when called:    1
 This function calls:
		Nothing
 This function is called by:
		_main
 This function uses a non-reentrant model


 *************** function _timer_tick *****************
 Defined at:
		line 127 in file "main.c"
 Parameters:    Size  Location     Type
		None
 Auto vars:     Size  Location     Type
		None
 Return value:  Size  Location     Type
                  1    wreg      void 
 Registers used:
		wreg, status,2, status,0
 Tracked objects:
		On entry : 
		On exit  : 
		Unchanged: 
 Data sizes:     COMRAM   BANK0   BANK1   BANK2   BANK3   BANK4   BANK5   BANK6   BANK7
      Params:         0       0       0       0       0       0       0       0       0
      Locals:         0       0       0       0       0       0       0       0       0
      Temps:          0       0       0       0       0       0       0       0       0
      Totals:         0       0       0       0       0       0       0       0       0
Total ram usage:        0 bytes
 Hardware stack levels used:    1
 This function calls:
		Nothing
 This function is called by:
		Interrupt level 2
 This function uses a non-reentrant model


 *************** function _DEFAULT_ISR *****************
 Defined at:
		line 147 in file "main.c"
 Parameters:    Size  Location     Type
		None
 Auto vars:     Size  Location     Type
		None
 Return value:  Size  Location     Type
                  1    wreg      void 
 Registers used:
		None
 Tracked objects:
		On entry : 
		On exit  : 
		Unchanged: 
 Data sizes:     COMRAM   BANK0   BANK1   BANK2   BANK3   BANK4   BANK5   BANK6   BANK7
      Params:         0       0       0       0       0       0       0       0       0
      Locals:         0       0       0       0       0       0       0       0       0
      Temps:          0       0       0       0       0       0       0       0       0
      Totals:         0       0       0       0       0       0       0       0       0
Total ram usage:        0 bytes
 Hardware stack levels used:    1
 This function calls:
		Nothing
 This function is called by:
		Interrupt level 2
 This function uses a non-reentrant model



MODULE INFORMATION

Module		Function		Class		Link	Load	Size
/opt/microchip/xc8/v2.05/pic/sources/c99/common/awmod.c
		___awmod       		CODE           	06D8	0000	117

/opt/microchip/xc8/v2.05/pic/sources/c99/common/awmod.c estimated size: 117

shared
		_lights        		MEDIUMCONST    	7E97	0000	361
		__initialization		CODE           	07BC	0000	19

shared estimated size: 380

main.c
		_timer_tick    		CODE           	074C	0000	75
		_set_color     		CODE           	07D8	0000	21
		_main          		CODE           	00B2	0000	1575
		_DEFAULT_ISR   		CODE           	07EC	0000	3
		_color_Hex_rgb 		CODE           	0796	0000	39

main.c estimated size: 1713

