Microchip MPLAB XC8 Compiler V2.05 ()

Linker command line:

-W-3 --edf=/opt/microchip/xc8/v2.05/pic/dat/en_msgs.txt -pivt0x8=08h -cs \
  -h+dist/default/production/Neo_Display.X.production.sym \
  --cmf=dist/default/production/Neo_Display.X.production.cmf -z -Q18F45K42 \
  -o/tmp/xcXPsH2Tv --defsym=__MPLAB_BUILD=1 \
  -Mdist/default/production/Neo_Display.X.production.map -E1 -ver=XC8 \
  --acfsm=1493 -ASTACK=060h-07FFh -pstack=STACK -ACODE=00h-07FFFh \
  -ACONST=00h-07FFFh -ASMALLCONST=0800h-08FFhx120 \
  -AMEDIUMCONST=0800h-07FFFh -ACOMRAM=01h-05Fh -AABS1=00h-07FFh \
  -ABIGRAM=01h-07FFh -ARAM=060h-0FFh,0100h-01FFhx7 -ABANK0=060h-0FFh \
  -ABANK1=0100h-01FFh -ABANK2=0200h-02FFh -ABANK3=0300h-03FFh \
  -ABANK4=0400h-04FFh -ABANK5=0500h-05FFh -ABANK6=0600h-06FFh \
  -ABANK7=0700h-07FFh -ASFR=03800h-038FFhx7,03F00h-03F5Fh,03F60h-03FFFh \
  -preset_vec=00h -ppowerup=CODE,init -pramtop=0800h \
  -psmallconst=SMALLCONST -pmediumconst=MEDIUMCONST -pconst=CONST \
  -AFARRAM=00h-00h -ACONFIG=0300000h-0300009h -pconfig=CONFIG \
  -AIDLOC=0200000h-020000Fh -pidloc=IDLOC -AEEDATA=0310000h-03100FFh \
  -peeprom_data=EEDATA \
  -prdata=COMRAM,nvrram=COMRAM,nvbit=COMRAM,rbss=COMRAM,rbit=COMRAM \
  -pfarbss=FARRAM,fardata=FARRAM,nvFARRAM=FARRAM \
  -pintsave_regs=BIGRAM,bigbss=BIGRAM,bigdata=BIGRAM -pbss=RAM \
  -pidata=CODE,irdata=CODE,ibigdata=CODE,ifardata=CODE -prparam=COMRAM \
  /tmp/xcXFpgydp.o dist/default/production/Neo_Display.X.production.o 

Object code version is 3.11

Machine type is 18F45K42

Call graph: (short form)




                Name                               Link     Load   Length Selector   Space Scale
/tmp/xcXFpgydp.o
                init                                 AE       AE        4        4       0
                reset_vec                             0        0        4        0       0
                idloc                            200000   200000       10   200000       0
                config                           300000   300000        A   300000       0
dist/default/production/Neo_Display.X.production.o
                mediumconst                        7E80     7E80      180     3F40       0
                ivt0x8                                8        8       A6        4       0
                text5                               7E4      7E4        2      1F9       0
                text4                               73C      73C       4A        4       0
                text3                               6EA      6EA       52        4       0
                text2                               786      786       26        4       0
                text1                               7CE      7CE       14        4       0
                text0                                B2       B2      638        4       0
                cstackCOMRAM                          1        1       15        1       1
                bssCOMRAM                            16       16        D        1       1
                cinit                               7AC      7AC       22        4       0

TOTAL           Name                               Link     Load   Length     Space
        CLASS   STACK          

        CLASS   CODE           
                init                                 AE       AE        4         0
                reset_vec                             0        0        4         0
                ivt0x8                                8        8       A6         0
                text5                               7E4      7E4        2         0
                text4                               73C      73C       4A         0
                text3                               6EA      6EA       52         0
                text2                               786      786       26         0
                text1                               7CE      7CE       14         0
                text0                                B2       B2      638         0
                cinit                               7AC      7AC       22         0

        CLASS   CONST          

        CLASS   SMALLCONST     

        CLASS   MEDIUMCONST    
                mediumconst                        7E80     7E80      180         0

        CLASS   COMRAM         
                cstackCOMRAM                          1        1       15         1
                bssCOMRAM                            16       16        D         1

        CLASS   ABS1           

        CLASS   BIGRAM         

        CLASS   RAM            

        CLASS   BANK0          

        CLASS   BANK1          

        CLASS   BANK2          

        CLASS   BANK3          

        CLASS   BANK4          

        CLASS   BANK5          

        CLASS   BANK6          

        CLASS   BANK7          

        CLASS   SFR            

        CLASS   FARRAM         

        CLASS   CONFIG         
                config                           300000   300000        A         0

        CLASS   IDLOC          
                idloc                            200000   200000       10         0

        CLASS   EEDATA         



SEGMENTS        Name                           Load    Length   Top    Selector   Space  Class

                reset_vec                      000000  000004  000004         0       0  CODE    
                cstackCOMRAM                   000001  000022  000023         1       1  COMRAM  
                ivt0x8                         000008  0007DA  0007E2         4       0  CODE    
                text5                          0007E4  000002  0007E6       1F9       0  CODE    
                mediumconst                    007E80  000180  008000      3F40       0  MEDIUMCO
                idloc                          200000  000010  200010    200000       0  IDLOC   
                config                         300000  00000A  30000A    300000       0  CONFIG  


UNUSED ADDRESS RANGES

        Name                Unused          Largest block    Delta
        BANK0            000060-0000FF               A0
        BANK1            000100-0001FF              100
        BANK2            000200-0002FF              100
        BANK3            000300-0003FF              100
        BANK4            000400-0004FF              100
        BANK5            000500-0005FF              100
        BANK6            000600-0006FF              100
        BANK7            000700-0007FF              100
        BIGRAM           000023-0007FF              7DD
        CODE             000004-000007                4
                         0007E2-0007E3                2
                         0007E6-007E7F             769A
        COMRAM           000023-00005F               3D
        CONST            000004-000007                4
                         0007E2-0007E3                2
                         0007E6-007E7F             769A
        EEDATA           310000-3100FF              100
        MEDIUMCONST      000800-007E7F             7680
        RAM              000060-0007FF              100
        SFR              003800-003FFF              100
        SMALLCONST       000800-007E7F              100
        STACK            000060-0007FF              7A0

                                  Symbol Table

?_color_Hex                 cstackCOMRAM 000008
?_color_rgb                 cstackCOMRAM 000001
IVTBASEH                    (abs)        003FD6
IVTBASEL                    (abs)        003FD5
IVTBASEU                    (abs)        003FD7
_ANSELA                     (abs)        003A40
_ANSELB                     (abs)        003A50
_ANSELC                     (abs)        003A60
_ANSELD                     (abs)        003A70
_ANSELE                     (abs)        003A80
_DEFAULT_ISR                text5        0007E4
_INTCON0bits                (abs)        003FD2
_IPR3bits                   (abs)        003983
_LATA                       (abs)        003FBA
_LATB                       (abs)        003FBB
_LATC                       (abs)        003FBC
_LATD                       (abs)        003FBD
_LATE                       (abs)        003FBE
_PIE3bits                   (abs)        003993
_PIR3bits                   (abs)        0039A3
_PPSLOCKbits                (abs)        003ABF
_RB5PPS                     (abs)        003A0D
_REG                        bssCOMRAM    000016
_SPI1BAUD                   (abs)        003D19
_SPI1CLKbits                (abs)        003D1C
_SPI1CON0bits               (abs)        003D14
_SPI1CON1bits               (abs)        003D15
_SPI1CON2bits               (abs)        003D16
_SPI1SCKPPS                 (abs)        003ADE
_SPI1SDIPPS                 (abs)        003ADF
_SPI1SSPPS                  (abs)        003AE0
_T0CON0bits                 (abs)        003FB8
_T0CON1bits                 (abs)        003FB9
_TMR0H                      (abs)        003FB7
_TMR0L                      (abs)        003FB6
_TRISA                      (abs)        003FC2
_TRISB                      (abs)        003FC3
_TRISC                      (abs)        003FC4
_TRISD                      (abs)        003FC5
_TRISE                      (abs)        003FC6
__CFG_BBEN$OFF              (abs)        000000
__CFG_BBSIZE$BBSIZE_512     (abs)        000000
__CFG_BOREN$SBORDIS         (abs)        000000
__CFG_BORV$VBOR_2P45        (abs)        000000
__CFG_CLKOUTEN$OFF          (abs)        000000
__CFG_CP$OFF                (abs)        000000
__CFG_CSWEN$OFF             (abs)        000000
__CFG_DEBUG$OFF             (abs)        000000
__CFG_FCMEN$ON              (abs)        000000
__CFG_FEXTOSC$OFF           (abs)        000000
__CFG_IVT1WAY$ON            (abs)        000000
__CFG_LPBOREN$OFF           (abs)        000000
__CFG_LVP$ON                (abs)        000000
__CFG_MCLRE$EXTMCLR         (abs)        000000
__CFG_MVECEN$ON             (abs)        000000
__CFG_PPS1WAY$OFF           (abs)        000000
__CFG_PR1WAY$ON             (abs)        000000
__CFG_PWRTS$PWRT_OFF        (abs)        000000
__CFG_RSTOSC$HFINTOSC_64MHZ (abs)        000000
__CFG_SAFEN$OFF             (abs)        000000
__CFG_STVREN$ON             (abs)        000000
__CFG_WDTCCS$SC             (abs)        000000
__CFG_WDTCPS$WDTCPS_31      (abs)        000000
__CFG_WDTCWS$WDTCWS_7       (abs)        000000
__CFG_WDTE$OFF              (abs)        000000
__CFG_WRTAPP$OFF            (abs)        000000
__CFG_WRTB$OFF              (abs)        000000
__CFG_WRTC$OFF              (abs)        000000
__CFG_WRTD$OFF              (abs)        000000
__CFG_WRTSAF$OFF            (abs)        000000
__CFG_XINST$OFF             (abs)        000000
__CFG_ZCD$OFF               (abs)        000000
__HRAM                      (abs)        000000
__Habs1                     abs1         000000
__Hbank0                    bank0        000000
__Hbank1                    bank1        000000
__Hbank2                    bank2        000000
__Hbank3                    bank3        000000
__Hbank4                    bank4        000000
__Hbank5                    bank5        000000
__Hbank6                    bank6        000000
__Hbank7                    bank7        000000
__Hbigbss                   bigbss       000000
__Hbigdata                  bigdata      000000
__Hbigram                   bigram       000000
__Hbss                      bss          000000
__HbssCOMRAM                bssCOMRAM    000000
__Hcinit                    cinit        000000
__Hclrtext                  clrtext      000000
__Hcomram                   comram       000000
__Hconfig                   config       30000A
__Hconst                    const        000000
__HcstackCOMRAM             cstackCOMRAM 000000
__Hdata                     data         000000
__Heeprom_data              eeprom_data  000000
__Hfarbss                   farbss       000000
__Hfardata                  fardata      000000
__Hibigdata                 ibigdata     000000
__Hidata                    idata        000000
__Hidloc                    idloc        200010
__Hifardata                 ifardata     000000
__Hinit                     init         0000B2
__Hintsave_regs             intsave_regs 000000
__Hirdata                   irdata       000000
__Hivt0x8                   ivt0x8       0000AE
__Hmediumconst              mediumconst  008000
__HnvFARRAM                 nvFARRAM     000000
__Hnvbit                    nvbit        000000
__Hnvrram                   nvrram       000000
__Hparam                    rparam       000000
__Hpowerup                  powerup      000000
__Hram                      ram          000000
__Hramtop                   ramtop       000800
__Hrbit                     rbit         000000
__Hrbss                     rbss         000000
__Hrdata                    rdata        000000
__Hreset_vec                reset_vec    000004
__Hrparam                   rparam       000000
__Hsfr                      sfr          000000
__Hsmallconst               smallconst   000000
__Hspace_0                  (abs)        30000A
__Hspace_1                  (abs)        000023
__Hspace_2                  (abs)        000000
__Hstack                    stack        000000
__Hstruct                   struct       000000
__Htemp                     temp         000000
__Htext                     text         000000
__Htext0                    text0        000000
__Htext1                    text1        000000
__Htext2                    text2        000000
__Htext3                    text3        000000
__Htext4                    text4        000000
__Htext5                    text5        000000
__LRAM                      (abs)        000001
__Labs1                     abs1         000000
__Lbank0                    bank0        000000
__Lbank1                    bank1        000000
__Lbank2                    bank2        000000
__Lbank3                    bank3        000000
__Lbank4                    bank4        000000
__Lbank5                    bank5        000000
__Lbank6                    bank6        000000
__Lbank7                    bank7        000000
__Lbigbss                   bigbss       000000
__Lbigdata                  bigdata      000000
__Lbigram                   bigram       000000
__Lbss                      bss          000000
__LbssCOMRAM                bssCOMRAM    000000
__Lcinit                    cinit        000000
__Lclrtext                  clrtext      000000
__Lcomram                   comram       000000
__Lconfig                   config       300000
__Lconst                    const        000000
__LcstackCOMRAM             cstackCOMRAM 000000
__Ldata                     data         000000
__Leeprom_data              eeprom_data  000000
__Lfarbss                   farbss       000000
__Lfardata                  fardata      000000
__Libigdata                 ibigdata     000000
__Lidata                    idata        000000
__Lidloc                    idloc        200000
__Lifardata                 ifardata     000000
__Linit                     init         0000AE
__Lintsave_regs             intsave_regs 000000
__Lirdata                   irdata       000000
__Livt0x8                   ivt0x8       000008
__Lmediumconst              mediumconst  007E80
__LnvFARRAM                 nvFARRAM     000000
__Lnvbit                    nvbit        000000
__Lnvrram                   nvrram       000000
__Lparam                    rparam       000000
__Lpowerup                  powerup      000000
__Lram                      ram          000000
__Lramtop                   ramtop       000800
__Lrbit                     rbit         000000
__Lrbss                     rbss         000000
__Lrdata                    rdata        000000
__Lreset_vec                reset_vec    000000
__Lrparam                   rparam       000000
__Lsfr                      sfr          000000
__Lsmallconst               smallconst   000000
__Lspace_0                  (abs)        000000
__Lspace_1                  (abs)        000000
__Lspace_2                  (abs)        000000
__Lstack                    stack        000000
__Lstruct                   struct       000000
__Ltemp                     temp         000000
__Ltext                     text         000000
__Ltext0                    text0        000000
__Ltext1                    text1        000000
__Ltext2                    text2        000000
__Ltext3                    text3        000000
__Ltext4                    text4        000000
__Ltext5                    text5        000000
__S0                        (abs)        30000A
__S1                        (abs)        000023
__S2                        (abs)        000000
___inthi_sp                 stack        000000
___intlo_sp                 stack        000000
___param_bank               (abs)        000000
___rparam_used              (abs)        000001
___sp                       stack        000000
__accesstop                 (abs)        000060
__activetblptr              (abs)        000002
__end_of_DEFAULT_ISR        text5        0007E6
__end_of_L1                 mediumconst  007FDD
__end_of_L2                 mediumconst  007FD9
__end_of_L3                 mediumconst  007FD5
__end_of_L4                 mediumconst  007FD1
__end_of_L5                 mediumconst  007FCD
__end_of_L6                 mediumconst  007FC9
__end_of_P1                 mediumconst  007FC5
__end_of_P2                 mediumconst  007FC1
__end_of_P3                 mediumconst  007FBD
__end_of_P4                 mediumconst  007FB9
__end_of_P5                 mediumconst  007FB5
__end_of__initialization    cinit        0007C4
__end_of_bp                 mediumconst  007FF1
__end_of_color_Hex          text2        0007AC
__end_of_color_rgb          text3        00073C
__end_of_cp                 mediumconst  007FA1
__end_of_cp_h               mediumconst  007FFD
__end_of_cp_l               mediumconst  007FF9
__end_of_dp_h               mediumconst  007F91
__end_of_dp_l               mediumconst  007F89
__end_of_gamma              mediumconst  007F81
__end_of_huge               mediumconst  007FE5
__end_of_ivln2              mediumconst  007F9D
__end_of_ivln2_h            mediumconst  007FF5
__end_of_ivln2_l            mediumconst  007F99
__end_of_lg2                mediumconst  007FB1
__end_of_lg2_h              mediumconst  007FAD
__end_of_lg2_l              mediumconst  007FA9
__end_of_main               text0        0006EA
__end_of_ovt                mediumconst  007FA5
__end_of_set_color          text1        0007E2
__end_of_timer_tick         text4        000786
__end_of_tiny               mediumconst  007FE1
__end_of_two24              mediumconst  007FE9
__end_ofsqrtf@tiny          mediumconst  007F95
__initialization            cinit        0007AC
__mediumconst               mediumconst  007E80
__pbssCOMRAM                bssCOMRAM    000016
__pcinit                    cinit        0007AC
__pcstackCOMRAM             cstackCOMRAM 000001
__pivt0x8                   ivt0x8       000008
__pmediumconst              mediumconst  007E80
__ptext0                    text0        0000B2
__ptext1                    text1        0007CE
__ptext2                    text2        000786
__ptext3                    text3        0006EA
__ptext4                    text4        00073C
__ptext5                    text5        0007E4
__ramtop                    ramtop       000800
__size_of_DEFAULT_ISR       (abs)        000000
__size_of_color_Hex         (abs)        000000
__size_of_color_rgb         (abs)        000000
__size_of_main              (abs)        000000
__size_of_set_color         (abs)        000000
__size_of_timer_tick        (abs)        000000
__smallconst                smallconst   000000
_color_Hex                  text2        000786
_color_rgb                  text3        0006EA
_errno                      bssCOMRAM    000021
_gamma                      mediumconst  007E81
_main                       text0        0000B2
_set_color                  text1        0007CE
_timer_tick                 text4        00073C
color_Hex@hex               cstackCOMRAM 000008
color_rgb@b                 cstackCOMRAM 000002
color_rgb@g                 cstackCOMRAM 000001
color_rgb@new_color         cstackCOMRAM 000005
color_rgb@r                 cstackCOMRAM 000004
end_of_initialization       cinit        0007C4
intlevel0                   text         000000
intlevel1                   text         000000
intlevel2                   text         000000
intlevel3                   text         000000
ivt0x8_base                 ivt0x8       000008
ivt0x8_undefint             ivt0x8       0000AC
main@c                      cstackCOMRAM 000013
main@c_542                  cstackCOMRAM 000014
main@loop                   cstackCOMRAM 000012
main@state                  cstackCOMRAM 000015
set_color@color             cstackCOMRAM 00000C
stackhi                     (abs)        0007FF
stacklo                     (abs)        000060
start                       init         0000AE
start_initialization        cinit        0007AC


FUNCTION INFORMATION:

 *************** function _main *****************
 Defined at:
		line 136 in file "main.c"
 Parameters:    Size  Location     Type
		None
 Auto vars:     Size  Location     Type
  loop            1   17[COMRAM] unsigned char 
  c               1   19[COMRAM] unsigned char 
  c               1   18[COMRAM] unsigned char 
  state           1   20[COMRAM] unsigned char 
  a               1    0        unsigned char 
 Return value:  Size  Location     Type
                  1    wreg      void 
 Registers used:
		wreg, status,2, status,0, tblptrl, tblptrh, tblptru, cstack
 Tracked objects:
		On entry : 
		On exit  : 
		Unchanged: 
 Data sizes:     COMRAM   BANK0   BANK1   BANK2   BANK3   BANK4   BANK5   BANK6   BANK7
      Params:         0       0       0       0       0       0       0       0       0
      Locals:         5       0       0       0       0       0       0       0       0
      Temps:          2       0       0       0       0       0       0       0       0
      Totals:         7       0       0       0       0       0       0       0       0
Total ram usage:        7 bytes
 Hardware stack levels required when called:    3
 This function calls:
		_color_Hex
		_color_rgb
		_set_color
 This function is called by:
		Startup code after reset
 This function uses a non-reentrant model


 *************** function _set_color *****************
 Defined at:
		line 351 in file "main.c"
 Parameters:    Size  Location     Type
  color           3   11[COMRAM] struct .
 Auto vars:     Size  Location     Type
		None
 Return value:  Size  Location     Type
                  1    wreg      void 
 Registers used:
		None
 Tracked objects:
		On entry : 
		On exit  : 
		Unchanged: 
 Data sizes:     COMRAM   BANK0   BANK1   BANK2   BANK3   BANK4   BANK5   BANK6   BANK7
      Params:         3       0       0       0       0       0       0       0       0
      Locals:         0       0       0       0       0       0       0       0       0
      Temps:          0       0       0       0       0       0       0       0       0
      Totals:         3       0       0       0       0       0       0       0       0
Total ram usage:        3 bytes
 Hardware stack levels used:    1
 Hardware stack levels required when called:    1
 This function calls:
		Nothing
 This function is called by:
		_main
 This function uses a non-reentrant model


 *************** function _color_Hex *****************
 Defined at:
		line 13 in file "color.c"
 Parameters:    Size  Location     Type
  hex             4    7[COMRAM] unsigned long 
 Auto vars:     Size  Location     Type
		None
 Return value:  Size  Location     Type
                  3    7[COMRAM] struct .
 Registers used:
		wreg, status,2, status,0, tblptrl, tblptrh, tblptru, cstack
 Tracked objects:
		On entry : 
		On exit  : 
		Unchanged: 
 Data sizes:     COMRAM   BANK0   BANK1   BANK2   BANK3   BANK4   BANK5   BANK6   BANK7
      Params:         4       0       0       0       0       0       0       0       0
      Locals:         0       0       0       0       0       0       0       0       0
      Temps:          0       0       0       0       0       0       0       0       0
      Totals:         4       0       0       0       0       0       0       0       0
Total ram usage:        4 bytes
 Hardware stack levels used:    1
 Hardware stack levels required when called:    2
 This function calls:
		_color_rgb
 This function is called by:
		_main
 This function uses a non-reentrant model


 *************** function _color_rgb *****************
 Defined at:
		line 4 in file "color.c"
 Parameters:    Size  Location     Type
  r               1    wreg     unsigned char 
  g               1    0[COMRAM] unsigned char 
  b               1    1[COMRAM] unsigned char 
 Auto vars:     Size  Location     Type
  r               1    3[COMRAM] unsigned char 
  new_color       3    4[COMRAM] struct .
 Return value:  Size  Location     Type
                  3    0[COMRAM] struct .
 Registers used:
		wreg, status,2, status,0, tblptrl, tblptrh, tblptru
 Tracked objects:
		On entry : 
		On exit  : 
		Unchanged: 
 Data sizes:     COMRAM   BANK0   BANK1   BANK2   BANK3   BANK4   BANK5   BANK6   BANK7
      Params:         3       0       0       0       0       0       0       0       0
      Locals:         4       0       0       0       0       0       0       0       0
      Temps:          0       0       0       0       0       0       0       0       0
      Totals:         7       0       0       0       0       0       0       0       0
Total ram usage:        7 bytes
 Hardware stack levels used:    1
 Hardware stack levels required when called:    1
 This function calls:
		Nothing
 This function is called by:
		_main
		_color_Hex
		_color_hsv
 This function uses a non-reentrant model


 *************** function _timer_tick *****************
 Defined at:
		line 111 in file "main.c"
 Parameters:    Size  Location     Type
		None
 Auto vars:     Size  Location     Type
		None
 Return value:  Size  Location     Type
                  1    wreg      void 
 Registers used:
		wreg, status,2, status,0
 Tracked objects:
		On entry : 
		On exit  : 
		Unchanged: 
 Data sizes:     COMRAM   BANK0   BANK1   BANK2   BANK3   BANK4   BANK5   BANK6   BANK7
      Params:         0       0       0       0       0       0       0       0       0
      Locals:         0       0       0       0       0       0       0       0       0
      Temps:          0       0       0       0       0       0       0       0       0
      Totals:         0       0       0       0       0       0       0       0       0
Total ram usage:        0 bytes
 Hardware stack levels used:    1
 This function calls:
		Nothing
 This function is called by:
		Interrupt level 2
 This function uses a non-reentrant model


 *************** function _DEFAULT_ISR *****************
 Defined at:
		line 131 in file "main.c"
 Parameters:    Size  Location     Type
		None
 Auto vars:     Size  Location     Type
		None
 Return value:  Size  Location     Type
                  1    wreg      void 
 Registers used:
		None
 Tracked objects:
		On entry : 
		On exit  : 
		Unchanged: 
 Data sizes:     COMRAM   BANK0   BANK1   BANK2   BANK3   BANK4   BANK5   BANK6   BANK7
      Params:         0       0       0       0       0       0       0       0       0
      Locals:         0       0       0       0       0       0       0       0       0
      Temps:          0       0       0       0       0       0       0       0       0
      Totals:         0       0       0       0       0       0       0       0       0
Total ram usage:        0 bytes
 Hardware stack levels used:    1
 This function calls:
		Nothing
 This function is called by:
		Interrupt level 2
 This function uses a non-reentrant model



MODULE INFORMATION

Module		Function		Class		Link	Load	Size
color.c
		_color_rgb     		CODE           	06EA	0000	83
		_color_Hex     		CODE           	0786	0000	39

color.c estimated size: 122

shared
		_gamma         		MEDIUMCONST    	7E81	0000	257
		_L5            		MEDIUMCONST    	0000	0000	0
		_P3            		MEDIUMCONST    	0000	0000	0
		_L6            		MEDIUMCONST    	0000	0000	0
		_P4            		MEDIUMCONST    	0000	0000	0
		_P5            		MEDIUMCONST    	0000	0000	0
		_lg2_l         		MEDIUMCONST    	0000	0000	0
		_ivln2_l       		MEDIUMCONST    	0000	0000	0
		_ivln2         		MEDIUMCONST    	0000	0000	0
		__initialization		CODE           	07AC	0000	25
		_bp            		MEDIUMCONST    	0000	0000	0
		_cp            		MEDIUMCONST    	0000	0000	0
		_cp_h          		MEDIUMCONST    	0000	0000	0
		_dp_h          		MEDIUMCONST    	0000	0000	0
		_lg2           		MEDIUMCONST    	0000	0000	0
		_lg2_h         		MEDIUMCONST    	0000	0000	0
		_ivln2_h       		MEDIUMCONST    	0000	0000	0
		_tiny          		MEDIUMCONST    	0000	0000	0
		sqrtf@tiny     		MEDIUMCONST    	0000	0000	0
		_ovt           		MEDIUMCONST    	0000	0000	0
		_huge          		MEDIUMCONST    	0000	0000	0
		_two24         		MEDIUMCONST    	0000	0000	0
		_cp_l          		MEDIUMCONST    	0000	0000	0
		_dp_l          		MEDIUMCONST    	0000	0000	0
		_L1            		MEDIUMCONST    	0000	0000	0
		_L2            		MEDIUMCONST    	0000	0000	0
		_L3            		MEDIUMCONST    	0000	0000	0
		_P1            		MEDIUMCONST    	0000	0000	0
		_L4            		MEDIUMCONST    	0000	0000	0
		_P2            		MEDIUMCONST    	0000	0000	0

shared estimated size: 282

main.c
		_timer_tick    		CODE           	073C	0000	75
		_set_color     		CODE           	07CE	0000	21
		_main          		CODE           	00B2	0000	1593
		_DEFAULT_ISR   		CODE           	07E4	0000	3

main.c estimated size: 1692

